Microsoft Windows [Version 10.0.26200.8875]
(c) Microsoft Corporation. All rights reserved.

C:\Users\sathv\OneDrive\Desktop\devops>git init
Initialized empty Git repository in C:/Users/sathv/OneDrive/Desktop/devops/.git/

C:\Users\sathv\OneDrive\Desktop\devops>git status
On branch master

No commits yet

Untracked files:
  (use "git add <file>..." to include in what will be committed)
        hello.c
        instpect.txt

nothing added to commit but untracked files present (use "git add" to track)

C:\Users\sathv\OneDrive\Desktop\devops>git status
On branch master

No commits yet

Untracked files:
  (use "git add <file>..." to include in what will be committed)
        hello.c
        instpect.txt
        main.c

nothing added to commit but untracked files present (use "git add" to track)

C:\Users\sathv\OneDrive\Desktop\devops>git status
On branch master

No commits yet

Untracked files:
  (use "git add <file>..." to include in what will be committed)
        hello.c
        instpect.txt
        second,java

nothing added to commit but untracked files present (use "git add" to track)

C:\Users\sathv\OneDrive\Desktop\devops>git add hello.c

C:\Users\sathv\OneDrive\Desktop\devops>git status
On branch master

No commits yet

Changes to be committed:
  (use "git rm --cached <file>..." to unstage)
        new file:   hello.c

Untracked files:
  (use "git add <file>..." to include in what will be committed)
        instpect.txt
        second,java


C:\Users\sathv\OneDrive\Desktop\devops>git add inspect.txt
fatal: pathspec 'inspect.txt' did not match any files

C:\Users\sathv\OneDrive\Desktop\devops>git add instpect.txt

C:\Users\sathv\OneDrive\Desktop\devops>git commit -a "2 files commiting"
fatal: paths '2 files commiting ...' with -a does not make sense

C:\Users\sathv\OneDrive\Desktop\devops>git commit -m "2 files commiting"
Author identity unknown

*** Please tell me who you are.

Run

  git config --global user.email "you@example.com"
  git config --global user.name "Your Name"

to set your account's default identity.
Omit --global to set the identity only in this repository.

fatal: unable to auto-detect email address (got 'sathv@saisathvik.(none)')

C:\Users\sathv\OneDrive\Desktop\devops>git commit -m "2 files commiting"
Author identity unknown

*** Please tell me who you are.

Run

  git config --global user.email "you@example.com"
  git config --global user.name "Your Name"

to set your account's default identity.
Omit --global to set the identity only in this repository.

fatal: unable to auto-detect email address (got 'sathv@saisathvik.(none)')

C:\Users\sathv\OneDrive\Desktop\devops>git stastus
git: 'stastus' is not a git command. See 'git --help'.

The most similar command is
        status

C:\Users\sathv\OneDrive\Desktop\devops>git status
On branch master

No commits yet

Changes to be committed:
  (use "git rm --cached <file>..." to unstage)
        new file:   hello.c
        new file:   instpect.txt

Untracked files:
  (use "git add <file>..." to include in what will be committed)
        second,java


C:\Users\sathv\OneDrive\Desktop\devops>git commit rm "2 files commiting"
error: pathspec 'rm' did not match any file(s) known to git
error: pathspec '2 files commiting' did not match any file(s) known to git

C:\Users\sathv\OneDrive\Desktop\devops>git commit -m "2 files commiting"
Author identity unknown

*** Please tell me who you are.

Run

  git config --global user.email "you@example.com"
  git config --global user.name "Your Name"

to set your account's default identity.
Omit --global to set the identity only in this repository.

fatal: unable to auto-detect email address (got 'sathv@saisathvik.(none)')

C:\Users\sathv\OneDrive\Desktop\devops>git version
git version 2.55.0.windows.3

C:\Users\sathv\OneDrive\Desktop\devops>git init
Reinitialized existing Git repository in C:/Users/sathv/OneDrive/Desktop/devops/.git/

C:\Users\sathv\OneDrive\Desktop\devops>git status
On branch master

No commits yet

Changes to be committed:
  (use "git rm --cached <file>..." to unstage)
        new file:   hello.c
        new file:   instpect.txt

Untracked files:
  (use "git add <file>..." to include in what will be committed)
        second,java


C:\Users\sathv\OneDrive\Desktop\devops>git add second,java

C:\Users\sathv\OneDrive\Desktop\devops>git status
On branch master

No commits yet

Changes to be committed:
  (use "git rm --cached <file>..." to unstage)
        new file:   hello.c
        new file:   instpect.txt
        new file:   second,java


C:\Users\sathv\OneDrive\Desktop\devops>git init
Reinitialized existing Git repository in C:/Users/sathv/OneDrive/Desktop/devops/.git/

C:\Users\sathv\OneDrive\Desktop\devops>git commit -m "3 files commiting"
Author identity unknown

*** Please tell me who you are.

Run

  git config --global user.email "you@example.com"
  git config --global user.name "Your Name"

to set your account's default identity.
Omit --global to set the identity only in this repository.

fatal: unable to auto-detect email address (got 'sathv@saisathvik.(none)')

C:\Users\sathv\OneDrive\Desktop\devops>git status
On branch master

No commits yet

Changes to be committed:
  (use "git rm --cached <file>..." to unstage)
        new file:   hello.c
        new file:   instpect.txt
        new file:   second,java


C:\Users\sathv\OneDrive\Desktop\devops>git config --gobal user.email "saisathwikm2005@gmail.com"
error: unknown option `gobal'
usage: git config list [<file-option>] [<display-option>] [--includes]
   or: git config get [<file-option>] [<display-option>] [--includes] [--all] [--regexp] [--value=<pattern>] [--fixed-value] [--default=<default>] [--url=<url>] <name>
   or: git config set [<file-option>] [--type=<type>] [--all] [--value=<pattern>] [--fixed-value] <name> <value>
   or: git config unset [<file-option>] [--all] [--value=<pattern>] [--fixed-value] <name>
   or: git config rename-section [<file-option>] <old-name> <new-name>
   or: git config remove-section [<file-option>] <name>
   or: git config edit [<file-option>]
   or: git config [<file-option>] --get-colorbool <name> [<stdout-is-tty>]

Config file location
    --[no-]global         use global config file
    --[no-]system         use system config file
    --[no-]local          use repository config file
    --[no-]worktree       use per-worktree config file
    -f, --[no-]file <file>
                          use given config file
    --[no-]blob <blob-id> read config from given blob object

Action
    --get                 get value: name [<value-pattern>]
    --get-all             get all values: key [<value-pattern>]
    --get-regexp          get values for regexp: name-regex [<value-pattern>]
    --get-urlmatch        get value specific for the URL: section[.var] URL
    --replace-all         replace all matching variables: name value [<value-pattern>]
    --add                 add a new variable: name value
    --unset               remove a variable: name [<value-pattern>]
    --unset-all           remove all matches: name [<value-pattern>]
    --rename-section      rename section: old-name new-name
    --remove-section      remove a section: name
    -l, --list            list all
    -e, --edit            open an editor
    --get-color           find the color configured: slot [<default>]
    --get-colorbool       find the color setting: slot [<stdout-is-tty>]

Display options
    -z, --[no-]null       terminate values with NUL byte
    --[no-]name-only      show variable names only
    --[no-]show-origin    show origin of config (file, standard input, blob, command line)
    --[no-]show-scope     show scope of config (worktree, local, global, system, command)
    --[no-]show-names     show config keys in addition to their values

Type
    -t, --[no-]type <type>
                          value is given this type
    --bool                value is "true" or "false"
    --int                 value is decimal number
    --bool-or-int         value is --bool or --int
    --bool-or-str         value is --bool or string
    --path                value is a path (file or directory name)
    --expiry-date         value is an expiry date

Other
    --[no-]default <value>
                          with --get, use default value when missing entry
    --[no-]comment <value>
                          human-readable comment string (# will be prepended as needed)
    --[no-]fixed-value    use string equality when comparing values to value pattern
    --[no-]includes       respect include directives on lookup


C:\Users\sathv\OneDrive\Desktop\devops>git config --global user.email "saisathwikm2005@gmail.com"

C:\Users\sathv\OneDrive\Desktop\devops>git config --global user.name "sai111"

C:\Users\sathv\OneDrive\Desktop\devops>git commit -m "4 files commited"
[master (root-commit) f4de3eb] 4 files commited
 3 files changed, 483 insertions(+)
 create mode 100644 hello.c
 create mode 100644 instpect.txt
 create mode 100644 second,java

C:\Users\sathv\OneDrive\Desktop\devops>git config --global user.name "sai"

C:\Users\sathv\OneDrive\Desktop\devops>git config --global user.email "munagaletisai38@gmail.com"

C:\Users\sathv\OneDrive\Desktop\devops>git commit
On branch master
nothing to commit, working tree clean

C:\Users\sathv\OneDrive\Desktop\devops>git remote add orgin https://github.com/munagaletisai38-hue/devops.git

C:\Users\sathv\OneDrive\Desktop\devops>git push remote orgin
error: src refspec orgin does not match any
error: failed to push some refs to 'remote'

C:\Users\sathv\OneDrive\Desktop\devops>git branch
* master

C:\Users\sathv\OneDrive\Desktop\devops>git push -u orgin master
info: please complete authentication in your browser...
Enumerating objects: 5, done.
Counting objects: 100% (5/5), done.
Delta compression using up to 16 threads
Compressing objects: 100% (4/4), done.
Writing objects: 100% (5/5), 4.91 KiB | 4.92 MiB/s, done.
Total 5 (delta 0), reused 0 (delta 0), pack-reused 0 (from 0)
remote:
remote: Create a pull request for 'master' on GitHub by visiting:
remote:      https://github.com/munagaletisai38-hue/devops/pull/new/master
remote:
To https://github.com/munagaletisai38-hue/devops.git
 * [new branch]      master -> master
branch 'master' set up to track 'orgin/master'.

C:\Users\sathv\OneDrive\Desktop\devops>git push remote orgin
error: src refspec orgin does not match any
error: failed to push some refs to 'remote'

C:\Users\sathv\OneDrive\Desktop\devops>git push remote orgin main
error: src refspec orgin does not match any
error: src refspec main does not match any
error: failed to push some refs to 'remote'

C:\Users\sathv\OneDrive\Desktop\devops>git push -u orgin main
error: src refspec main does not match any
error: failed to push some refs to 'https://github.com/munagaletisai38-hue/devops.git'

C:\Users\sathv\OneDrive\Desktop\devops>git push -u orgin master
branch 'master' set up to track 'orgin/master'.
Everything up-to-date

C:\Users\sathv\OneDrive\Desktop\devops>git remote add orgin https://github.com/munagaletisai38-hue/devops.git
error: remote orgin already exists.

C:\Users\sathv\OneDrive\Desktop\devops>git branch
* master

C:\Users\sathv\OneDrive\Desktop\devops>git push -u orgin master
branch 'master' set up to track 'orgin/master'.
Everything up-to-date

C:\Users\sathv\OneDrive\Desktop\devops>
